// Jest Snapshot v1, https://goo.gl/fbAQLP

exports[`render a Hero 1`] = `
ShallowWrapper {
  "length": 1,
  Symbol(enzyme.__root__): [Circular],
  Symbol(enzyme.__unrendered__): <Hero />,
  Symbol(enzyme.__renderer__): Object {
    "batchedUpdates": [Function],
    "getNode": [Function],
    "render": [Function],
    "simulateEvent": [Function],
    "unmount": [Function],
  },
  Symbol(enzyme.__node__): Object {
    "instance": null,
    "key": undefined,
    "nodeType": "host",
    "props": Object {
      "children": Array [
        <hr
          className="horizontal-rule"
/>,
        <img
          alt="Chris Sharma climbing in the US."
          className="hero-img"
          src="sharma.jpg"
/>,
        <figcaption
          className="hero-img-caption"
>
          Chris Sharma's 2017 US Climbing Road Trip
</figcaption>,
      ],
      "className": "hero-container",
    },
    "ref": null,
    "rendered": Array [
      Object {
        "instance": null,
        "key": undefined,
        "nodeType": "host",
        "props": Object {
          "className": "horizontal-rule",
        },
        "ref": null,
        "rendered": null,
        "type": "hr",
      },
      Object {
        "instance": null,
        "key": undefined,
        "nodeType": "host",
        "props": Object {
          "alt": "Chris Sharma climbing in the US.",
          "className": "hero-img",
          "src": "sharma.jpg",
        },
        "ref": null,
        "rendered": null,
        "type": "img",
      },
      Object {
        "instance": null,
        "key": undefined,
        "nodeType": "host",
        "props": Object {
          "children": "Chris Sharma's 2017 US Climbing Road Trip",
          "className": "hero-img-caption",
        },
        "ref": null,
        "rendered": "Chris Sharma's 2017 US Climbing Road Trip",
        "type": "figcaption",
      },
    ],
    "type": "div",
  },
  Symbol(enzyme.__nodes__): Array [
    Object {
      "instance": null,
      "key": undefined,
      "nodeType": "host",
      "props": Object {
        "children": Array [
          <hr
            className="horizontal-rule"
/>,
          <img
            alt="Chris Sharma climbing in the US."
            className="hero-img"
            src="sharma.jpg"
/>,
          <figcaption
            className="hero-img-caption"
>
            Chris Sharma's 2017 US Climbing Road Trip
</figcaption>,
        ],
        "className": "hero-container",
      },
      "ref": null,
      "rendered": Array [
        Object {
          "instance": null,
          "key": undefined,
          "nodeType": "host",
          "props": Object {
            "className": "horizontal-rule",
          },
          "ref": null,
          "rendered": null,
          "type": "hr",
        },
        Object {
          "instance": null,
          "key": undefined,
          "nodeType": "host",
          "props": Object {
            "alt": "Chris Sharma climbing in the US.",
            "className": "hero-img",
            "src": "sharma.jpg",
          },
          "ref": null,
          "rendered": null,
          "type": "img",
        },
        Object {
          "instance": null,
          "key": undefined,
          "nodeType": "host",
          "props": Object {
            "children": "Chris Sharma's 2017 US Climbing Road Trip",
            "className": "hero-img-caption",
          },
          "ref": null,
          "rendered": "Chris Sharma's 2017 US Climbing Road Trip",
          "type": "figcaption",
        },
      ],
      "type": "div",
    },
  ],
  Symbol(enzyme.__options__): Object {
    "adapter": ReactSixteenAdapter {
      "options": Object {
        "enableComponentDidUpdateOnSetState": true,
      },
    },
  },
}
`;
